app/(tabs)/_layout.tsx(36,9): error TS2353: Object literal may only specify known properties, and 'tabBarIconStyle' does not exist in type 'MaterialTopTabNavigationOptions | ((props: { route: RouteProp<ParamListBase, string>; navigation: MaterialTopTabNavigationProp<ParamListBase, string, string | undefined>; theme: Theme; }) => MaterialTopTabNavigationOptions)'.
data/userCache.ts(2,26): error TS2307: Cannot find module '@react-native-async-storage/async-storage' or its corresponding type declarations.
